
> phucnguyenguitar@0.1.0 build
> next build

   Γû▓ Next.js 15.5.4
   - Environments: .env

   Creating an optimized production build ...
 Γ£ô Compiled successfully in 1822ms
   Linting and checking validity of types ...

./src/app/(root)/admin/page.tsx
32:9  Warning: 'handleEdit' is assigned a value but never used.  @typescript-eslint/no-unused-vars

./src/app/api/auth/login/route.ts
66:23  Warning: '_' is assigned a value but never used.  @typescript-eslint/no-unused-vars

./src/app/api/auth/logout/route.ts
5:28  Warning: 'request' is defined but never used.  @typescript-eslint/no-unused-vars

./src/app/api/auth/me/route.ts
13:27  Warning: 'request' is defined but never used.  @typescript-eslint/no-unused-vars
50:23  Warning: '_' is assigned a value but never used.  @typescript-eslint/no-unused-vars

./src/app/api/classes/[id]/route.ts
3:17  Warning: 'UpdateClassData' is defined but never used.  @typescript-eslint/no-unused-vars

./src/app/api/courses/route.ts
6:27  Warning: 'request' is defined but never used.  @typescript-eslint/no-unused-vars

./src/app/api/enrollments/[id]/renew/route.ts
3:29  Warning: 'CreateEnrollmentData' is defined but never used.  @typescript-eslint/no-unused-vars

./src/app/api/enrollments/[id]/route.ts
112:15  Warning: 'oldTotal' is assigned a value but never used.  @typescript-eslint/no-unused-vars

./src/app/api/makeups/route.ts
4:10  Warning: 'StudentEnrollment' is defined but never used.  @typescript-eslint/no-unused-vars

./src/app/api/products/route.ts
57:27  Warning: 'request' is defined but never used.  @typescript-eslint/no-unused-vars

./src/app/api/students/route.ts
4:10  Warning: 'ObjectId' is defined but never used.  @typescript-eslint/no-unused-vars
8:27  Warning: 'request' is defined but never used.  @typescript-eslint/no-unused-vars
19:17  Warning: 'password' is assigned a value but never used.  @typescript-eslint/no-unused-vars
81:13  Warning: 'password' is assigned a value but never used.  @typescript-eslint/no-unused-vars

./src/app/api/students/[id]/route.ts
25:13  Warning: 'password' is assigned a value but never used.  @typescript-eslint/no-unused-vars
95:13  Warning: 'password' is assigned a value but never used.  @typescript-eslint/no-unused-vars

./src/app/components/DatePicker.tsx
58:11  Warning: 'lastDay' is assigned a value but never used.  @typescript-eslint/no-unused-vars

./src/app/components/DetailedSchedule.tsx
46:3  Warning: 'onRequestMakeup' is defined but never used.  @typescript-eslint/no-unused-vars
47:3  Warning: 'onBookMakeup' is defined but never used.  @typescript-eslint/no-unused-vars
160:9  Warning: 'calculateCourseEndDate' is assigned a value but never used.  @typescript-eslint/no-unused-vars

./src/app/components/MakeupRequestModal.tsx
24:3  Warning: 'originalClass' is defined but never used.  @typescript-eslint/no-unused-vars
25:3  Warning: 'originalDate' is defined but never used.  @typescript-eslint/no-unused-vars

./src/app/components/SelectClassesModal.tsx
3:20  Warning: 'useEffect' is defined but never used.  @typescript-eslint/no-unused-vars

./src/app/components/StudentDetailModal.tsx
57:10  Warning: 'bulkAttendanceDates' is assigned a value but never used.  @typescript-eslint/no-unused-vars
88:6  Warning: React Hook useEffect has a missing dependency: 'fetchData'. Either include it or remove the dependency array.  react-hooks/exhaustive-deps
285:9  Warning: 'getCourseName' is assigned a value but never used.  @typescript-eslint/no-unused-vars
290:9  Warning: 'getClassName' is assigned a value but never used.  @typescript-eslint/no-unused-vars

./src/app/components/StudentForm.tsx
34:3  Warning: 'classes' is defined but never used.  @typescript-eslint/no-unused-vars

info  - Need to disable some ESLint rules? Learn more here: https://nextjs.org/docs/app/api-reference/config/eslint#disabling-rules
npm : Failed to compile.
At line:1 char:1
+ npm run build > build_output.txt 2>&1; Get-Content build_output.txt | ...
+ ~~~~~~~~~~~~~~~~~~~~~~~~~~~~~~~~~~~~~
    + CategoryInfo          : NotSpecified: (Failed to compile.:String) [], Re 
   moteException
    + FullyQualifiedErrorId : NativeCommandError
 

./src/app/components/StudentDetailModal.tsx:925:39
Type error: Type 'string' is not assignable to type 'Date'.

[0m [90m 923 |[39m                                     
enrollment[33m.[39m_id[33m![39m[33m.[39mtoString()[33m,[39m
 [90m 924 |[39m                                     {
[31m[1m>[22m[39m[90m 925 |[39m                                       
startDate[33m:[39m editValue[33m,[39m
 [90m     |[39m                                       [31m[1m^[22m[39m
 [90m 926 |[39m                                     }
 [90m 927 |[39m                                   )[33m;[39m
 [90m 928 |[39m                                   
setEditingField([36mnull[39m)[33m;[39m[0m
Next.js build worker exited with code: 1 and signal: null
